// Jest Snapshot v1, https://goo.gl/fbAQLP

exports[`HelloComponent starts counter on 0 1`] = `
<ContextConsumer>
  <Component />
</ContextConsumer>
`;
